*----------------------------------------------------------------------------------------
*	Innovus 15.23-s045_1 (64bit) 04/22/2016 12:32 (Linux 2.6.18-194.el5)
*	
*
* 	Date & Time:	2026-Mar-10 21:56:09 (2026-Mar-11 04:56:09 GMT)
*
*----------------------------------------------------------------------------------------
*
*	Design: fullchip
*
*	Liberty Libraries used: 
*	        WC_VIEW: /home/linux/ieng6/ECE260B_WI26_A00/public/PDKdata/lib/tcbn65gpluswc.lib
*
*	Power Domain used: 
*		Rail:        VDD 	Voltage:        0.9 
*
*       Power View : WC_VIEW
*
*       User-Defined Activity : N.A.
*
*       Activity File: N.A.
*
*       Hierarchical Global Activity: N.A.
*
*       Global Activity: N.A.
*
*       Sequential Element Activity: 0.200000
*
*       Primary Input Activity: 0.200000
*
*       Default icg ratio: N.A.
*
*       Global Comb ClockGate Ratio: N.A.
*
*	Power Units = 1mW
*
*	Time Units = 1e-09 secs 
*
*       report_power -outfile fullchip.post_route.power.rpt
*
-----------------------------------------------------------------------------------------


Total Power 
-----------------------------------------------------------------------------------------
Total Internal Power:       11.40983121 	   64.2243%
Total Switching Power:       4.62771343 	   26.0487%
Total Leakage Power:         1.72804911 	    9.7269%
Total Power:                17.76559383 
-----------------------------------------------------------------------------------------


Group                           Internal   Switching     Leakage       Total  Percentage 
                                Power      Power         Power         Power  (%)        
-----------------------------------------------------------------------------------------
Sequential                         8.424      0.3979      0.4456       9.268       52.17 
Macro                                  0           0      0.7601      0.7601       4.279 
IO                                     0           0           0           0           0 
Combinational                      2.536        2.79      0.4987       5.825       32.79 
Clock (Combinational)             0.4494        1.44     0.02364       1.913       10.77 
Clock (Sequential)                     0           0           0           0           0 
-----------------------------------------------------------------------------------------
Total                              11.41       4.628       1.728       17.77         100 
-----------------------------------------------------------------------------------------


Rail                  Voltage   Internal   Switching     Leakage       Total  Percentage 
                                Power      Power         Power         Power  (%)        
-----------------------------------------------------------------------------------------
VDD                       0.9      11.41       4.628       1.728       17.77         100 


Clock                           Internal   Switching     Leakage       Total  Percentage 
                                Power      Power         Power         Power  (%)        
-----------------------------------------------------------------------------------------
clk                               0.4494        1.44     0.02364       1.913       10.77 
-----------------------------------------------------------------------------------------
Total (excluding duplicates)      0.4494        1.44     0.02364       1.913       10.77 
-----------------------------------------------------------------------------------------


-----------------------------------------------------------------------------------------
*	Power Distribution Summary: 
* 		Highest Average Power: core_instance/CTS_ccl_BUF_clk_G0_L3_6 (CKBD16): 	   0.01922 
* 		Highest Leakage Power: core_instance/psum_mem_instance/CTS_ccl_BUF_clk_G0_L3_85 (CKBD16): 	 0.0002228 
* 		Total Cap: 	2.10366e-10 F
* 		Total instances in design: 91353
* 		Total instances in design with no power:     0
*          Total instances in design with no activity:     0
* 		Total Fillers and Decap: 59407
-----------------------------------------------------------------------------------------

